// Jest Snapshot v1, https://goo.gl/fbAQLP

exports[`Footer renders without crashing 1`] = `
ShallowWrapper {
  Symbol(enzyme.__root__): [Circular],
  Symbol(enzyme.__unrendered__): <Footer />,
  Symbol(enzyme.__renderer__): Object {
    "batchedUpdates": [Function],
    "checkPropTypes": [Function],
    "getNode": [Function],
    "render": [Function],
    "simulateError": [Function],
    "simulateEvent": [Function],
    "unmount": [Function],
  },
  Symbol(enzyme.__node__): Object {
    "instance": null,
    "key": undefined,
    "nodeType": "host",
    "props": Object {
      "children": <div
        className="footer-copyright"
      >
        <div
          className="container"
        >
          © 2019
          <b
            className="blue-grey-text text-lighten-3"
          >
             Justin Gerow  
          </b>
          <a
            href="https://github.com/jmgerow"
            rel="noopener noreferrer"
            target="_blank"
          >
            <i
              className="fab fa-github fa-2x"
              id="footer-icons"
            />
          </a>
          <a
            href="https://www.linkedin.com/in/justingerow/"
            rel="noopener noreferrer"
            target="_blank"
          >
            <i
              className="fab fa-linkedin fa-2x"
              id="footer-icons"
            />
          </a>
          <a
            href="https://twitter.com/jmgerow"
            rel="noopener noreferrer"
            target="_blank"
          >
            <i
              className="fab fa-twitter-square fa-2x"
              id="footer-icons"
            />
          </a>
        </div>
      </div>,
      "className": "page-footer blue-grey",
    },
    "ref": null,
    "rendered": Object {
      "instance": null,
      "key": undefined,
      "nodeType": "host",
      "props": Object {
        "children": <div
          className="container"
        >
          © 2019
          <b
            className="blue-grey-text text-lighten-3"
          >
             Justin Gerow  
          </b>
          <a
            href="https://github.com/jmgerow"
            rel="noopener noreferrer"
            target="_blank"
          >
            <i
              className="fab fa-github fa-2x"
              id="footer-icons"
            />
          </a>
          <a
            href="https://www.linkedin.com/in/justingerow/"
            rel="noopener noreferrer"
            target="_blank"
          >
            <i
              className="fab fa-linkedin fa-2x"
              id="footer-icons"
            />
          </a>
          <a
            href="https://twitter.com/jmgerow"
            rel="noopener noreferrer"
            target="_blank"
          >
            <i
              className="fab fa-twitter-square fa-2x"
              id="footer-icons"
            />
          </a>
        </div>,
        "className": "footer-copyright",
      },
      "ref": null,
      "rendered": Object {
        "instance": null,
        "key": undefined,
        "nodeType": "host",
        "props": Object {
          "children": Array [
            "© 2019",
            <b
              className="blue-grey-text text-lighten-3"
            >
               Justin Gerow  
            </b>,
            <a
              href="https://github.com/jmgerow"
              rel="noopener noreferrer"
              target="_blank"
            >
              <i
                className="fab fa-github fa-2x"
                id="footer-icons"
              />
            </a>,
            <a
              href="https://www.linkedin.com/in/justingerow/"
              rel="noopener noreferrer"
              target="_blank"
            >
              <i
                className="fab fa-linkedin fa-2x"
                id="footer-icons"
              />
            </a>,
            <a
              href="https://twitter.com/jmgerow"
              rel="noopener noreferrer"
              target="_blank"
            >
              <i
                className="fab fa-twitter-square fa-2x"
                id="footer-icons"
              />
            </a>,
          ],
          "className": "container",
        },
        "ref": null,
        "rendered": Array [
          "© 2019",
          Object {
            "instance": null,
            "key": undefined,
            "nodeType": "host",
            "props": Object {
              "children": " Justin Gerow  ",
              "className": "blue-grey-text text-lighten-3",
            },
            "ref": null,
            "rendered": " Justin Gerow  ",
            "type": "b",
          },
          Object {
            "instance": null,
            "key": undefined,
            "nodeType": "host",
            "props": Object {
              "children": <i
                className="fab fa-github fa-2x"
                id="footer-icons"
              />,
              "href": "https://github.com/jmgerow",
              "rel": "noopener noreferrer",
              "target": "_blank",
            },
            "ref": null,
            "rendered": Object {
              "instance": null,
              "key": undefined,
              "nodeType": "host",
              "props": Object {
                "className": "fab fa-github fa-2x",
                "id": "footer-icons",
              },
              "ref": null,
              "rendered": null,
              "type": "i",
            },
            "type": "a",
          },
          Object {
            "instance": null,
            "key": undefined,
            "nodeType": "host",
            "props": Object {
              "children": <i
                className="fab fa-linkedin fa-2x"
                id="footer-icons"
              />,
              "href": "https://www.linkedin.com/in/justingerow/",
              "rel": "noopener noreferrer",
              "target": "_blank",
            },
            "ref": null,
            "rendered": Object {
              "instance": null,
              "key": undefined,
              "nodeType": "host",
              "props": Object {
                "className": "fab fa-linkedin fa-2x",
                "id": "footer-icons",
              },
              "ref": null,
              "rendered": null,
              "type": "i",
            },
            "type": "a",
          },
          Object {
            "instance": null,
            "key": undefined,
            "nodeType": "host",
            "props": Object {
              "children": <i
                className="fab fa-twitter-square fa-2x"
                id="footer-icons"
              />,
              "href": "https://twitter.com/jmgerow",
              "rel": "noopener noreferrer",
              "target": "_blank",
            },
            "ref": null,
            "rendered": Object {
              "instance": null,
              "key": undefined,
              "nodeType": "host",
              "props": Object {
                "className": "fab fa-twitter-square fa-2x",
                "id": "footer-icons",
              },
              "ref": null,
              "rendered": null,
              "type": "i",
            },
            "type": "a",
          },
        ],
        "type": "div",
      },
      "type": "div",
    },
    "type": "footer",
  },
  Symbol(enzyme.__nodes__): Array [
    Object {
      "instance": null,
      "key": undefined,
      "nodeType": "host",
      "props": Object {
        "children": <div
          className="footer-copyright"
        >
          <div
            className="container"
          >
            © 2019
            <b
              className="blue-grey-text text-lighten-3"
            >
               Justin Gerow  
            </b>
            <a
              href="https://github.com/jmgerow"
              rel="noopener noreferrer"
              target="_blank"
            >
              <i
                className="fab fa-github fa-2x"
                id="footer-icons"
              />
            </a>
            <a
              href="https://www.linkedin.com/in/justingerow/"
              rel="noopener noreferrer"
              target="_blank"
            >
              <i
                className="fab fa-linkedin fa-2x"
                id="footer-icons"
              />
            </a>
            <a
              href="https://twitter.com/jmgerow"
              rel="noopener noreferrer"
              target="_blank"
            >
              <i
                className="fab fa-twitter-square fa-2x"
                id="footer-icons"
              />
            </a>
          </div>
        </div>,
        "className": "page-footer blue-grey",
      },
      "ref": null,
      "rendered": Object {
        "instance": null,
        "key": undefined,
        "nodeType": "host",
        "props": Object {
          "children": <div
            className="container"
          >
            © 2019
            <b
              className="blue-grey-text text-lighten-3"
            >
               Justin Gerow  
            </b>
            <a
              href="https://github.com/jmgerow"
              rel="noopener noreferrer"
              target="_blank"
            >
              <i
                className="fab fa-github fa-2x"
                id="footer-icons"
              />
            </a>
            <a
              href="https://www.linkedin.com/in/justingerow/"
              rel="noopener noreferrer"
              target="_blank"
            >
              <i
                className="fab fa-linkedin fa-2x"
                id="footer-icons"
              />
            </a>
            <a
              href="https://twitter.com/jmgerow"
              rel="noopener noreferrer"
              target="_blank"
            >
              <i
                className="fab fa-twitter-square fa-2x"
                id="footer-icons"
              />
            </a>
          </div>,
          "className": "footer-copyright",
        },
        "ref": null,
        "rendered": Object {
          "instance": null,
          "key": undefined,
          "nodeType": "host",
          "props": Object {
            "children": Array [
              "© 2019",
              <b
                className="blue-grey-text text-lighten-3"
              >
                 Justin Gerow  
              </b>,
              <a
                href="https://github.com/jmgerow"
                rel="noopener noreferrer"
                target="_blank"
              >
                <i
                  className="fab fa-github fa-2x"
                  id="footer-icons"
                />
              </a>,
              <a
                href="https://www.linkedin.com/in/justingerow/"
                rel="noopener noreferrer"
                target="_blank"
              >
                <i
                  className="fab fa-linkedin fa-2x"
                  id="footer-icons"
                />
              </a>,
              <a
                href="https://twitter.com/jmgerow"
                rel="noopener noreferrer"
                target="_blank"
              >
                <i
                  className="fab fa-twitter-square fa-2x"
                  id="footer-icons"
                />
              </a>,
            ],
            "className": "container",
          },
          "ref": null,
          "rendered": Array [
            "© 2019",
            Object {
              "instance": null,
              "key": undefined,
              "nodeType": "host",
              "props": Object {
                "children": " Justin Gerow  ",
                "className": "blue-grey-text text-lighten-3",
              },
              "ref": null,
              "rendered": " Justin Gerow  ",
              "type": "b",
            },
            Object {
              "instance": null,
              "key": undefined,
              "nodeType": "host",
              "props": Object {
                "children": <i
                  className="fab fa-github fa-2x"
                  id="footer-icons"
                />,
                "href": "https://github.com/jmgerow",
                "rel": "noopener noreferrer",
                "target": "_blank",
              },
              "ref": null,
              "rendered": Object {
                "instance": null,
                "key": undefined,
                "nodeType": "host",
                "props": Object {
                  "className": "fab fa-github fa-2x",
                  "id": "footer-icons",
                },
                "ref": null,
                "rendered": null,
                "type": "i",
              },
              "type": "a",
            },
            Object {
              "instance": null,
              "key": undefined,
              "nodeType": "host",
              "props": Object {
                "children": <i
                  className="fab fa-linkedin fa-2x"
                  id="footer-icons"
                />,
                "href": "https://www.linkedin.com/in/justingerow/",
                "rel": "noopener noreferrer",
                "target": "_blank",
              },
              "ref": null,
              "rendered": Object {
                "instance": null,
                "key": undefined,
                "nodeType": "host",
                "props": Object {
                  "className": "fab fa-linkedin fa-2x",
                  "id": "footer-icons",
                },
                "ref": null,
                "rendered": null,
                "type": "i",
              },
              "type": "a",
            },
            Object {
              "instance": null,
              "key": undefined,
              "nodeType": "host",
              "props": Object {
                "children": <i
                  className="fab fa-twitter-square fa-2x"
                  id="footer-icons"
                />,
                "href": "https://twitter.com/jmgerow",
                "rel": "noopener noreferrer",
                "target": "_blank",
              },
              "ref": null,
              "rendered": Object {
                "instance": null,
                "key": undefined,
                "nodeType": "host",
                "props": Object {
                  "className": "fab fa-twitter-square fa-2x",
                  "id": "footer-icons",
                },
                "ref": null,
                "rendered": null,
                "type": "i",
              },
              "type": "a",
            },
          ],
          "type": "div",
        },
        "type": "div",
      },
      "type": "footer",
    },
  ],
  Symbol(enzyme.__options__): Object {
    "adapter": ReactSixteenAdapter {
      "options": Object {
        "enableComponentDidUpdateOnSetState": true,
        "legacyContextMode": "parent",
        "lifecycles": Object {
          "componentDidUpdate": Object {
            "onSetState": true,
          },
          "getChildContext": Object {
            "calledByRenderer": false,
          },
          "getDerivedStateFromProps": Object {
            "hasShouldComponentUpdateBug": false,
          },
          "getSnapshotBeforeUpdate": true,
          "setState": Object {
            "skipsComponentDidUpdateOnNullish": true,
          },
        },
      },
    },
    "disableLifecycleMethods": true,
  },
}
`;
