// Jest Snapshot v1, https://goo.gl/fbAQLP

exports[`Home renders without crashing 1`] = `
ShallowWrapper {
  Symbol(enzyme.__root__): [Circular],
  Symbol(enzyme.__unrendered__): <Home />,
  Symbol(enzyme.__renderer__): Object {
    "batchedUpdates": [Function],
    "checkPropTypes": [Function],
    "getNode": [Function],
    "render": [Function],
    "simulateError": [Function],
    "simulateEvent": [Function],
    "unmount": [Function],
  },
  Symbol(enzyme.__node__): Object {
    "instance": null,
    "key": undefined,
    "nodeType": "host",
    "props": Object {
      "children": Array [
        <div
          className="banner"
        >
          <img
            alt="skyline"
            className="responsive-img skyline-photo"
            src="chicago.jpg"
          />
          <div
            className="container"
          >
            <div
              className="row center headline blue-grey-text text-darken-1"
            >
              <p
                className="header col s12 light"
                id="intro"
              >
                Welcome to my portfolio. This site contains a collection of my works, info about me, and a contact form to leave a note. Thank you for visiting!
              </p>
            </div>
          </div>
        </div>,
        <Homenav />,
      ],
      "className": "body",
    },
    "ref": null,
    "rendered": Array [
      Object {
        "instance": null,
        "key": undefined,
        "nodeType": "host",
        "props": Object {
          "children": Array [
            <img
              alt="skyline"
              className="responsive-img skyline-photo"
              src="chicago.jpg"
            />,
            <div
              className="container"
            >
              <div
                className="row center headline blue-grey-text text-darken-1"
              >
                <p
                  className="header col s12 light"
                  id="intro"
                >
                  Welcome to my portfolio. This site contains a collection of my works, info about me, and a contact form to leave a note. Thank you for visiting!
                </p>
              </div>
            </div>,
          ],
          "className": "banner",
        },
        "ref": null,
        "rendered": Array [
          Object {
            "instance": null,
            "key": undefined,
            "nodeType": "host",
            "props": Object {
              "alt": "skyline",
              "className": "responsive-img skyline-photo",
              "src": "chicago.jpg",
            },
            "ref": null,
            "rendered": null,
            "type": "img",
          },
          Object {
            "instance": null,
            "key": undefined,
            "nodeType": "host",
            "props": Object {
              "children": <div
                className="row center headline blue-grey-text text-darken-1"
              >
                <p
                  className="header col s12 light"
                  id="intro"
                >
                  Welcome to my portfolio. This site contains a collection of my works, info about me, and a contact form to leave a note. Thank you for visiting!
                </p>
              </div>,
              "className": "container",
            },
            "ref": null,
            "rendered": Object {
              "instance": null,
              "key": undefined,
              "nodeType": "host",
              "props": Object {
                "children": <p
                  className="header col s12 light"
                  id="intro"
                >
                  Welcome to my portfolio. This site contains a collection of my works, info about me, and a contact form to leave a note. Thank you for visiting!
                </p>,
                "className": "row center headline blue-grey-text text-darken-1",
              },
              "ref": null,
              "rendered": Object {
                "instance": null,
                "key": undefined,
                "nodeType": "host",
                "props": Object {
                  "children": "Welcome to my portfolio. This site contains a collection of my works, info about me, and a contact form to leave a note. Thank you for visiting!",
                  "className": "header col s12 light",
                  "id": "intro",
                },
                "ref": null,
                "rendered": "Welcome to my portfolio. This site contains a collection of my works, info about me, and a contact form to leave a note. Thank you for visiting!",
                "type": "p",
              },
              "type": "div",
            },
            "type": "div",
          },
        ],
        "type": "div",
      },
      Object {
        "instance": null,
        "key": undefined,
        "nodeType": "class",
        "props": Object {},
        "ref": null,
        "rendered": null,
        "type": [Function],
      },
    ],
    "type": "div",
  },
  Symbol(enzyme.__nodes__): Array [
    Object {
      "instance": null,
      "key": undefined,
      "nodeType": "host",
      "props": Object {
        "children": Array [
          <div
            className="banner"
          >
            <img
              alt="skyline"
              className="responsive-img skyline-photo"
              src="chicago.jpg"
            />
            <div
              className="container"
            >
              <div
                className="row center headline blue-grey-text text-darken-1"
              >
                <p
                  className="header col s12 light"
                  id="intro"
                >
                  Welcome to my portfolio. This site contains a collection of my works, info about me, and a contact form to leave a note. Thank you for visiting!
                </p>
              </div>
            </div>
          </div>,
          <Homenav />,
        ],
        "className": "body",
      },
      "ref": null,
      "rendered": Array [
        Object {
          "instance": null,
          "key": undefined,
          "nodeType": "host",
          "props": Object {
            "children": Array [
              <img
                alt="skyline"
                className="responsive-img skyline-photo"
                src="chicago.jpg"
              />,
              <div
                className="container"
              >
                <div
                  className="row center headline blue-grey-text text-darken-1"
                >
                  <p
                    className="header col s12 light"
                    id="intro"
                  >
                    Welcome to my portfolio. This site contains a collection of my works, info about me, and a contact form to leave a note. Thank you for visiting!
                  </p>
                </div>
              </div>,
            ],
            "className": "banner",
          },
          "ref": null,
          "rendered": Array [
            Object {
              "instance": null,
              "key": undefined,
              "nodeType": "host",
              "props": Object {
                "alt": "skyline",
                "className": "responsive-img skyline-photo",
                "src": "chicago.jpg",
              },
              "ref": null,
              "rendered": null,
              "type": "img",
            },
            Object {
              "instance": null,
              "key": undefined,
              "nodeType": "host",
              "props": Object {
                "children": <div
                  className="row center headline blue-grey-text text-darken-1"
                >
                  <p
                    className="header col s12 light"
                    id="intro"
                  >
                    Welcome to my portfolio. This site contains a collection of my works, info about me, and a contact form to leave a note. Thank you for visiting!
                  </p>
                </div>,
                "className": "container",
              },
              "ref": null,
              "rendered": Object {
                "instance": null,
                "key": undefined,
                "nodeType": "host",
                "props": Object {
                  "children": <p
                    className="header col s12 light"
                    id="intro"
                  >
                    Welcome to my portfolio. This site contains a collection of my works, info about me, and a contact form to leave a note. Thank you for visiting!
                  </p>,
                  "className": "row center headline blue-grey-text text-darken-1",
                },
                "ref": null,
                "rendered": Object {
                  "instance": null,
                  "key": undefined,
                  "nodeType": "host",
                  "props": Object {
                    "children": "Welcome to my portfolio. This site contains a collection of my works, info about me, and a contact form to leave a note. Thank you for visiting!",
                    "className": "header col s12 light",
                    "id": "intro",
                  },
                  "ref": null,
                  "rendered": "Welcome to my portfolio. This site contains a collection of my works, info about me, and a contact form to leave a note. Thank you for visiting!",
                  "type": "p",
                },
                "type": "div",
              },
              "type": "div",
            },
          ],
          "type": "div",
        },
        Object {
          "instance": null,
          "key": undefined,
          "nodeType": "class",
          "props": Object {},
          "ref": null,
          "rendered": null,
          "type": [Function],
        },
      ],
      "type": "div",
    },
  ],
  Symbol(enzyme.__options__): Object {
    "adapter": ReactSixteenAdapter {
      "options": Object {
        "enableComponentDidUpdateOnSetState": true,
        "legacyContextMode": "parent",
        "lifecycles": Object {
          "componentDidUpdate": Object {
            "onSetState": true,
          },
          "getChildContext": Object {
            "calledByRenderer": false,
          },
          "getDerivedStateFromProps": Object {
            "hasShouldComponentUpdateBug": false,
          },
          "getSnapshotBeforeUpdate": true,
          "setState": Object {
            "skipsComponentDidUpdateOnNullish": true,
          },
        },
      },
    },
    "disableLifecycleMethods": true,
  },
}
`;
